../SHTC3_driver/shtc3_driver.c:75:5:shtc3_init	32	static
../SHTC3_driver/shtc3_driver.c:91:5:shtc3_get_id	24	static
../SHTC3_driver/shtc3_driver.c:117:5:shtc3_get_temp_and_hum	32	static
../SHTC3_driver/shtc3_driver.c:152:6:shtc3_get_temp_and_hum_lpm	40	static
../SHTC3_driver/shtc3_driver.c:186:5:shtc3_get_temp_and_hum_polling	32	static
../SHTC3_driver/shtc3_driver.c:217:5:shtc3_raw_write_temp_and_hum	24	static
../SHTC3_driver/shtc3_driver.c:229:5:shtc3_raw_read_temp_and_hum	32	static
../SHTC3_driver/shtc3_driver.c:257:5:shtc3_sleep	24	static
../SHTC3_driver/shtc3_driver.c:271:5:shtc3_wakeup	24	static
../SHTC3_driver/shtc3_driver.c:287:5:shtc3_soft_reset	24	static
../SHTC3_driver/shtc3_driver.c:302:15:shtc3_reg_read	40	static
../SHTC3_driver/shtc3_driver.c:317:15:shtc3_reg_write	40	static
../SHTC3_driver/shtc3_driver.c:338:16:generate_crc	24	static
../SHTC3_driver/shtc3_driver.c:362:13:check_crc	16	static
../SHTC3_driver/shtc3_driver.c:370:14:calc_temp	16	static
../SHTC3_driver/shtc3_driver.c:375:14:calc_hum	16	static
