../BME280_driver/bme280_driver.c:8:6:bme280_init	16	static
../BME280_driver/bme280_driver.c:15:19:bme280_check_id	16	static
../BME280_driver/bme280_driver.c:20:19:bme280_reset	24	static
../BME280_driver/bme280_driver.c:26:19:bme280_configure	24	static
../BME280_driver/bme280_driver.c:45:19:bme280_read_raw_data	32	static
../BME280_driver/bme280_driver.c:58:6:bme280_is_measuring	24	static
../BME280_driver/bme280_driver.c:73:6:bme280_force_measurement	24	static
../BME280_driver/bme280_driver.c:88:6:bme280_sleep	24	static
../BME280_driver/bme280_driver.c:125:19:bme280_read_config	24	static
../BME280_driver/bme280_driver.c:142:6:bme280_read_calibration_data	16	static
../BME280_driver/bme280_driver.c:178:23:compensate_temperature	32	static
../BME280_driver/bme280_driver.c:197:24:compensate_pressure	336	static
../BME280_driver/bme280_driver.c:227:24:compensate_humidity	32	static
../BME280_driver/bme280_driver.c:246:6:bme280_read_fixed	48	static
../BME280_driver/bme280_driver.c:268:6:bme280_read_float	32	static
../BME280_driver/bme280_driver.c:286:6:bme280_set_cs	16	static
../BME280_driver/bme280_driver.c:291:19:bme280_raw_read	48	static
../BME280_driver/bme280_driver.c:296:19:bme280_raw_write	48	static
